// Jest Snapshot v1, https://goo.gl/fbAQLP

exports[`prikazuje formu za odabir dana 1`] = `ShallowWrapper {}`;
