// Jest Snapshot v1, https://goo.gl/fbAQLP

exports[`Da li se prikazuju sve komponente 1`] = `ShallowWrapper {}`;
