// Jest Snapshot v1, https://goo.gl/fbAQLP

exports[`Prikazuje formu za prikaz odabira dana 1`] = `ShallowWrapper {}`;
