// Jest Snapshot v1, https://goo.gl/fbAQLP

exports[`prikazuje formu za promjenu termina 1`] = `ShallowWrapper {}`;
