// Jest Snapshot v1, https://goo.gl/fbAQLP

exports[`renderuje formu za prikaz odredjenog dana 1`] = `ShallowWrapper {}`;
