// Jest Snapshot v1, https://goo.gl/fbAQLP

exports[`prikazuje formu za odabir dana od strane admina 1`] = `ShallowWrapper {}`;
