// Jest Snapshot v1, https://goo.gl/fbAQLP

exports[`Da li se prikazuju komponente 1`] = `ShallowWrapper {}`;
